     1                                  section .data
     2 00000000 48656C6C6F20576F72-       hello:    db 'Hello World!', 10   ; string
     3 00000009 6C64210A           
     4                                    helloLen: equ $-hello             ; length of the string
     5                                  
     6                                  section .text
     7                                    global _start
     8                                  
     9                                  _start:
    10 00000000 B804000000                mov eax,4                         ; system call for write
    11 00000005 BB01000000                mov ebx,1                         ; file descriptor, stdout
    12 0000000A B9[00000000]              mov ecx,hello                     ; put the offset of hello in ecx
    13 0000000F BA0D000000                mov edx,helloLen                  ; helloLen is a constant, don't need
    14                                                                      ; use mov edx,[helloLen] to get the
    15                                                                      ; contents
    16 00000014 CD80                      int 80h                           ; call the kernel
    17                                  
    18 00000016 B801000000                mov eax,1                         ;system call for exit
    19 0000001B BB00000000                mov ebx,0                         ;exit with return code 0
    20 00000020 CD80                      int 80h
