     1                                  
     2                                  section .bss
     3 00000000 <res 00000001>              Buff resb 1
     4                                  
     5                                  section .data
     6                                  
     7                                  section .text
     8                                      global _start
     9                                  
    10                                  _start:
    11 00000000 90                              nop                 ;keeps gdb happy
    12                                  
    13 00000001 B803000000              Read:   mov eax, 3          ; syscall sys_read
    14 00000006 BB00000000                      mov ebx, 0          ; file descriptor stdin
    15 0000000B B9[00000000]                    mov ecx,Buff        ; address of buffer to read from
    16 00000010 BA01000000                      mov edx, 1          ; read 1 char at a time
    17 00000015 CD80                            int 80h             ; call sys_read
    18                                  
    19 00000017 83F800                          cmp eax, 0          ; compare sys_read return value
    20 0000001A 7434                            je  Exit            ; if 0 then its EOF - end of file
    21 0000001C 803C25[00000000]61              cmp byte [Buff],61h ; test char in the buffer against 'a'
    22 00000024 7212                            jb Write            ; if below 'a' in ASCII chart
    23                                                              ;   not a lower case character, write it out
    24 00000026 803C25[00000000]7A              cmp byte [Buff],7Ah ; test char in buffer against 'z'
    25 0000002E 7708                            ja  Write           ; if above 'z' in ASCII chart
    26                                                              ;   not a lower case character, write it out
    27 00000030 802C25[00000000]20              sub byte [Buff],20h ; subtract 20h to make char upper case
    28                                                              ;   then write it out
    29 00000038 B804000000              Write:  mov eax, 4          ; syscall sys_write
    30 0000003D BB01000000                      mov ebx, 1          ; file descriptor stdout
    31 00000042 B9[00000000]                    mov ecx,Buff        ; address of buffer
    32 00000047 BA01000000                      mov edx,1           ; write 1 char 
    33 0000004C CD80                            int 80h             ; call sys_write
    34 0000004E EBB1                            jmp Read            ; go back to read another char
    35                                  
    36 00000050 B801000000              Exit:    mov eax,1           ; syscall sys_exit
    37 00000055 BB00000000                      mov ebx,0           ; return code
    38 0000005A CD80                            int 80h             ; syscall sys_exit to exit the program
    39                                  
    40                                      
    41                                          
    42                                          
